---
http_interactions:
- request:
    method: get
    uri: https://tIcrV2dwbkT7AqjU8Cn8FZFU60hk5qCnMXlJnJQq:H6xYlZzvwBZHUBjoyrFKXkWZoCVfqrmC3ARXMZjq@api.parse.com/1/classes/Place?include=categories,categories&where=%7B%7D
    body:
      encoding: US-ASCII
      string: ''
    headers:
      Accept:
      - ! '*/*; q=0.5, application/xml'
      Accept-Encoding:
      - gzip, deflate
      User-Agent:
      - Ruby
  response:
    status:
      code: 200
      message: OK
    headers:
      Cache-Control:
      - max-age=0, private, must-revalidate
      Content-Type:
      - application/json; charset=utf-8
      Date:
      - Fri, 14 Mar 2014 21:12:38 GMT
      Etag:
      - ! '"59f97f09a2baaedde675e6b9b2256fd6"'
      Server:
      - nginx/1.4.2
      Set-Cookie:
      - _parse_session=BAh7BkkiD3Nlc3Npb25faWQGOgZFRiIlNTM4Y2JhMDU1MjNhYTkwMTM0NDRiYjIyOGFlYjcwZTA%3D--3af6156d8fc95e49ca410fb21b9254299237ab56;
        domain=.parse.com; path=/; expires=Sun, 13-Apr-2014 21:12:38 GMT; secure;
        HttpOnly
      Status:
      - 200 OK
      X-Runtime:
      - '0.061512'
      X-Ua-Compatible:
      - IE=Edge,chrome=1
      Content-Length:
      - '2175'
      Connection:
      - keep-alive
    body:
      encoding: US-ASCII
      string: ! '{"results":[{"location":{"__type":"GeoPoint","latitude":34.09300844216167,"longitude":-118.3780094460731},"createdAt":"2014-03-14T21:12:25.629Z","updatedAt":"2014-03-14T21:12:25.629Z","objectId":"gw4FXvpCcr"},{"location":{"__type":"GeoPoint","latitude":34.09297074516132,"longitude":-118.3779001235962},"createdAt":"2014-03-14T21:12:26.977Z","updatedAt":"2014-03-14T21:12:26.977Z","objectId":"F98FT24aKR"},{"location":{"__type":"GeoPoint","latitude":34.09291733023489,"longitude":-118.3780601208767},"createdAt":"2014-03-14T21:12:28.014Z","updatedAt":"2014-03-14T21:12:28.014Z","objectId":"92O6l0cXW4"},{"location":{"__type":"GeoPoint","latitude":34.09291733023489,"longitude":-118.3780601208767},"createdAt":"2014-03-14T21:12:28.861Z","updatedAt":"2014-03-14T21:12:28.861Z","objectId":"95afazkCgi"},{"location":{"__type":"GeoPoint","latitude":34.10020829969745,"longitude":-118.2852727109533},"createdAt":"2014-03-14T21:12:29.689Z","updatedAt":"2014-03-14T21:12:29.689Z","objectId":"ZdjZQbGmKS"},{"location":{"__type":"GeoPoint","latitude":33.81637559726026,"longitude":-118.3783150233789},"createdAt":"2014-03-14T21:12:30.522Z","updatedAt":"2014-03-14T21:12:30.522Z","objectId":"wfwjU7qJMI"},{"location":{"__type":"GeoPoint","latitude":36.11837535750446,"longitude":-115.1759274967512},"createdAt":"2014-03-14T21:12:31.450Z","updatedAt":"2014-03-14T21:12:31.450Z","objectId":"zLw2otlNgQ"},{"location":{"__type":"GeoPoint","latitude":48.0284736030277,"longitude":37.79059904775168},"createdAt":"2014-03-14T21:12:32.281Z","updatedAt":"2014-03-14T21:12:32.281Z","objectId":"e4RpRzZXbz"},{"location":{"__type":"GeoPoint","latitude":48.02790593385819,"longitude":37.78864582772938},"createdAt":"2014-03-14T21:12:33.160Z","updatedAt":"2014-03-14T21:12:33.160Z","objectId":"JeJddfhAjI"},{"location":{"__type":"GeoPoint","latitude":48.02776282648577,"longitude":37.78850555419922},"createdAt":"2014-03-14T21:12:34.132Z","updatedAt":"2014-03-14T21:12:34.132Z","objectId":"NJDiR2XtKs"},{"location":{"__type":"GeoPoint","latitude":48.02750452121758,"longitude":37.78846263885498},"createdAt":"2014-03-14T21:12:34.945Z","updatedAt":"2014-03-14T21:12:34.945Z","objectId":"XupTIzYdOu"}]}'
    http_version: 
  recorded_at: Fri, 14 Mar 2014 21:12:39 GMT
- request:
    method: post
    uri: https://tIcrV2dwbkT7AqjU8Cn8FZFU60hk5qCnMXlJnJQq:H6xYlZzvwBZHUBjoyrFKXkWZoCVfqrmC3ARXMZjq@api.parse.com/1/batch
    body:
      encoding: UTF-8
      string: ! '{"requests":[{"method":"DELETE","path":"/1/classes/Place/gw4FXvpCcr"},{"method":"DELETE","path":"/1/classes/Place/F98FT24aKR"},{"method":"DELETE","path":"/1/classes/Place/92O6l0cXW4"},{"method":"DELETE","path":"/1/classes/Place/95afazkCgi"},{"method":"DELETE","path":"/1/classes/Place/ZdjZQbGmKS"},{"method":"DELETE","path":"/1/classes/Place/wfwjU7qJMI"},{"method":"DELETE","path":"/1/classes/Place/zLw2otlNgQ"},{"method":"DELETE","path":"/1/classes/Place/e4RpRzZXbz"},{"method":"DELETE","path":"/1/classes/Place/JeJddfhAjI"},{"method":"DELETE","path":"/1/classes/Place/NJDiR2XtKs"},{"method":"DELETE","path":"/1/classes/Place/XupTIzYdOu"}]}'
    headers:
      Accept:
      - ! '*/*; q=0.5, application/xml'
      Accept-Encoding:
      - gzip, deflate
      Content-Type:
      - application/json
      Content-Length:
      - '641'
      User-Agent:
      - Ruby
  response:
    status:
      code: 200
      message: OK
    headers:
      Cache-Control:
      - max-age=0, private, must-revalidate
      Content-Type:
      - application/json; charset=utf-8
      Date:
      - Fri, 14 Mar 2014 21:12:39 GMT
      Etag:
      - ! '"5d25c8fb038e7f7d6fcb7bf4c72e3298"'
      Server:
      - nginx/1.4.4
      Set-Cookie:
      - _parse_session=BAh7BkkiD3Nlc3Npb25faWQGOgZFRiIlNmVmMmJkYTk0YTAwNTExNjRiNDg4ZDdjMjZhZjhkOTY%3D--2f142a4a8447c7952273c91189f39f7737332b4d;
        domain=.parse.com; path=/; expires=Sun, 13-Apr-2014 21:12:39 GMT; secure;
        HttpOnly
      Status:
      - 200 OK
      X-Runtime:
      - '0.148923'
      X-Ua-Compatible:
      - IE=Edge,chrome=1
      Content-Length:
      - '188'
      Connection:
      - keep-alive
    body:
      encoding: US-ASCII
      string: ! '[{"success":true},{"success":true},{"success":true},{"success":true},{"success":true},{"success":true},{"success":true},{"success":true},{"success":true},{"success":true},{"success":true}]'
    http_version: 
  recorded_at: Fri, 14 Mar 2014 21:12:39 GMT
- request:
    method: post
    uri: https://tIcrV2dwbkT7AqjU8Cn8FZFU60hk5qCnMXlJnJQq:H6xYlZzvwBZHUBjoyrFKXkWZoCVfqrmC3ARXMZjq@api.parse.com/1/batch
    body:
      encoding: UTF-8
      string: ! '{"requests":[{"method":"POST","path":"/1/classes/Place","body":{"location":{"__type":"GeoPoint","latitude":34.09300844216167,"longitude":-118.3780094460731}}},{"method":"POST","path":"/1/classes/Place","body":{"location":{"__type":"GeoPoint","latitude":34.09297074516132,"longitude":-118.3779001235962}}},{"method":"POST","path":"/1/classes/Place","body":{"location":{"__type":"GeoPoint","latitude":34.09291733023489,"longitude":-118.3780601208767}}},{"method":"POST","path":"/1/classes/Place","body":{"location":{"__type":"GeoPoint","latitude":34.09291733023489,"longitude":-118.3780601208767}}},{"method":"POST","path":"/1/classes/Place","body":{"location":{"__type":"GeoPoint","latitude":34.10020829969745,"longitude":-118.2852727109533}}},{"method":"POST","path":"/1/classes/Place","body":{"location":{"__type":"GeoPoint","latitude":33.81637559726026,"longitude":-118.3783150233789}}},{"method":"POST","path":"/1/classes/Place","body":{"location":{"__type":"GeoPoint","latitude":36.11837535750446,"longitude":-115.1759274967512}}},{"method":"POST","path":"/1/classes/Place","body":{"location":{"__type":"GeoPoint","latitude":48.0284736030277,"longitude":37.79059904775168}}},{"method":"POST","path":"/1/classes/Place","body":{"location":{"__type":"GeoPoint","latitude":48.02790593385819,"longitude":37.78864582772938}}},{"method":"POST","path":"/1/classes/Place","body":{"location":{"__type":"GeoPoint","latitude":48.02776282648577,"longitude":37.78850555419922}}},{"method":"POST","path":"/1/classes/Place","body":{"location":{"__type":"GeoPoint","latitude":48.02750452121758,"longitude":37.78846263885498}}}]}'
    headers:
      Accept:
      - ! '*/*; q=0.5, application/xml'
      Accept-Encoding:
      - gzip, deflate
      Content-Type:
      - application/json
      Content-Length:
      - '1615'
      User-Agent:
      - Ruby
  response:
    status:
      code: 200
      message: OK
    headers:
      Cache-Control:
      - max-age=0, private, must-revalidate
      Content-Type:
      - application/json; charset=utf-8
      Date:
      - Fri, 14 Mar 2014 21:12:39 GMT
      Etag:
      - ! '"794d6277cee8e079a6e960d3145ca93f"'
      Server:
      - nginx/1.4.2
      Set-Cookie:
      - _parse_session=BAh7BkkiD3Nlc3Npb25faWQGOgZFRiIlZjIzYjBjMzA2N2ZjYzliYTNkMmU1NjZlYjE5N2NiZjQ%3D--f2b1656e599464a1a39e7b81afd702e971a3b9c9;
        domain=.parse.com; path=/; expires=Sun, 13-Apr-2014 21:12:39 GMT; secure;
        HttpOnly
      Status:
      - 200 OK
      X-Runtime:
      - '0.155898'
      X-Ua-Compatible:
      - IE=Edge,chrome=1
      Content-Length:
      - '848'
      Connection:
      - keep-alive
    body:
      encoding: US-ASCII
      string: ! '[{"success":{"createdAt":"2014-03-14T21:12:39.596Z","objectId":"CSGqmAZQg4"}},{"success":{"createdAt":"2014-03-14T21:12:39.611Z","objectId":"pBHWULSlTt"}},{"success":{"createdAt":"2014-03-14T21:12:39.621Z","objectId":"9pM4Oz9nZ5"}},{"success":{"createdAt":"2014-03-14T21:12:39.631Z","objectId":"5ZDYP73WR6"}},{"success":{"createdAt":"2014-03-14T21:12:39.641Z","objectId":"i4t5OjrWMW"}},{"success":{"createdAt":"2014-03-14T21:12:39.650Z","objectId":"0gB2OCGgIm"}},{"success":{"createdAt":"2014-03-14T21:12:39.660Z","objectId":"wAmUmaEaXf"}},{"success":{"createdAt":"2014-03-14T21:12:39.669Z","objectId":"l3haOoETQP"}},{"success":{"createdAt":"2014-03-14T21:12:39.680Z","objectId":"3yVsTaRAGe"}},{"success":{"createdAt":"2014-03-14T21:12:39.690Z","objectId":"TXNwK2Ye8r"}},{"success":{"createdAt":"2014-03-14T21:12:39.699Z","objectId":"fddxyBieZ2"}}]'
    http_version: 
  recorded_at: Fri, 14 Mar 2014 21:12:40 GMT
- request:
    method: get
    uri: https://tIcrV2dwbkT7AqjU8Cn8FZFU60hk5qCnMXlJnJQq:H6xYlZzvwBZHUBjoyrFKXkWZoCVfqrmC3ARXMZjq@api.parse.com/1/classes/Place?include=categories,categories&limit=1&where=%7B%22objectId%22:%22CSGqmAZQg4%22%7D
    body:
      encoding: US-ASCII
      string: ''
    headers:
      Accept:
      - ! '*/*; q=0.5, application/xml'
      Accept-Encoding:
      - gzip, deflate
      User-Agent:
      - Ruby
  response:
    status:
      code: 200
      message: OK
    headers:
      Cache-Control:
      - max-age=0, private, must-revalidate
      Content-Type:
      - application/json; charset=utf-8
      Date:
      - Fri, 14 Mar 2014 21:12:40 GMT
      Etag:
      - ! '"bcda07b37b104e61df4998b1d8544978"'
      Server:
      - nginx/1.4.4
      Set-Cookie:
      - _parse_session=BAh7BkkiD3Nlc3Npb25faWQGOgZFRiIlNjQ2MzBjMWU0YTk3ODg2NmU2YTU0ZjA2ODFkODNkZWQ%3D--5bde9999dcc59133282f75fbb33a29cfa6a470e5;
        domain=.parse.com; path=/; expires=Sun, 13-Apr-2014 21:12:40 GMT; secure;
        HttpOnly
      Status:
      - 200 OK
      X-Runtime:
      - '0.328223'
      X-Ua-Compatible:
      - IE=Edge,chrome=1
      Content-Length:
      - '210'
      Connection:
      - keep-alive
    body:
      encoding: US-ASCII
      string: ! '{"results":[{"location":{"__type":"GeoPoint","latitude":34.09300844216167,"longitude":-118.3780094460731},"createdAt":"2014-03-14T21:12:39.596Z","updatedAt":"2014-03-14T21:12:39.596Z","objectId":"CSGqmAZQg4"}]}'
    http_version: 
  recorded_at: Fri, 14 Mar 2014 21:12:41 GMT
- request:
    method: get
    uri: https://tIcrV2dwbkT7AqjU8Cn8FZFU60hk5qCnMXlJnJQq:H6xYlZzvwBZHUBjoyrFKXkWZoCVfqrmC3ARXMZjq@api.parse.com/1/classes/Place?include=categories,categories&limit=1&where=%7B%22objectId%22:%22pBHWULSlTt%22%7D
    body:
      encoding: US-ASCII
      string: ''
    headers:
      Accept:
      - ! '*/*; q=0.5, application/xml'
      Accept-Encoding:
      - gzip, deflate
      User-Agent:
      - Ruby
  response:
    status:
      code: 200
      message: OK
    headers:
      Cache-Control:
      - max-age=0, private, must-revalidate
      Content-Type:
      - application/json; charset=utf-8
      Date:
      - Fri, 14 Mar 2014 21:12:41 GMT
      Etag:
      - ! '"d94c7935ddbd11cabcdaf7439b2622cf"'
      Server:
      - nginx/1.4.2
      Set-Cookie:
      - _parse_session=BAh7BkkiD3Nlc3Npb25faWQGOgZFRiIlZWYxNDgwNTY5OGI5ZmIxMDJmMDRkZDU4Yjk1NzEwOWY%3D--b81f63331b9a84e92219430b0c385d6fc0501f90;
        domain=.parse.com; path=/; expires=Sun, 13-Apr-2014 21:12:41 GMT; secure;
        HttpOnly
      Status:
      - 200 OK
      X-Runtime:
      - '0.225177'
      X-Ua-Compatible:
      - IE=Edge,chrome=1
      Content-Length:
      - '210'
      Connection:
      - keep-alive
    body:
      encoding: US-ASCII
      string: ! '{"results":[{"location":{"__type":"GeoPoint","latitude":34.09297074516132,"longitude":-118.3779001235962},"createdAt":"2014-03-14T21:12:39.611Z","updatedAt":"2014-03-14T21:12:39.611Z","objectId":"pBHWULSlTt"}]}'
    http_version: 
  recorded_at: Fri, 14 Mar 2014 21:12:41 GMT
- request:
    method: get
    uri: https://tIcrV2dwbkT7AqjU8Cn8FZFU60hk5qCnMXlJnJQq:H6xYlZzvwBZHUBjoyrFKXkWZoCVfqrmC3ARXMZjq@api.parse.com/1/classes/Place?include=categories,categories&limit=1&where=%7B%22objectId%22:%229pM4Oz9nZ5%22%7D
    body:
      encoding: US-ASCII
      string: ''
    headers:
      Accept:
      - ! '*/*; q=0.5, application/xml'
      Accept-Encoding:
      - gzip, deflate
      User-Agent:
      - Ruby
  response:
    status:
      code: 200
      message: OK
    headers:
      Cache-Control:
      - max-age=0, private, must-revalidate
      Content-Type:
      - application/json; charset=utf-8
      Date:
      - Fri, 14 Mar 2014 21:12:41 GMT
      Etag:
      - ! '"c962729ba0817df5729502ef54f388c9"'
      Server:
      - nginx/1.4.4
      Set-Cookie:
      - _parse_session=BAh7BkkiD3Nlc3Npb25faWQGOgZFRiIlNTM2YTQ4ZDFlMmRiZWM3NzI4NjhlNThiOWFjN2FiNTY%3D--5d96a45fc99cad9d6799c1b7325b82d3a673663b;
        domain=.parse.com; path=/; expires=Sun, 13-Apr-2014 21:12:41 GMT; secure;
        HttpOnly
      Status:
      - 200 OK
      X-Runtime:
      - '0.048230'
      X-Ua-Compatible:
      - IE=Edge,chrome=1
      Content-Length:
      - '210'
      Connection:
      - keep-alive
    body:
      encoding: US-ASCII
      string: ! '{"results":[{"location":{"__type":"GeoPoint","latitude":34.09291733023489,"longitude":-118.3780601208767},"createdAt":"2014-03-14T21:12:39.621Z","updatedAt":"2014-03-14T21:12:39.621Z","objectId":"9pM4Oz9nZ5"}]}'
    http_version: 
  recorded_at: Fri, 14 Mar 2014 21:12:42 GMT
- request:
    method: get
    uri: https://tIcrV2dwbkT7AqjU8Cn8FZFU60hk5qCnMXlJnJQq:H6xYlZzvwBZHUBjoyrFKXkWZoCVfqrmC3ARXMZjq@api.parse.com/1/classes/Place?include=categories,categories&limit=1&where=%7B%22objectId%22:%225ZDYP73WR6%22%7D
    body:
      encoding: US-ASCII
      string: ''
    headers:
      Accept:
      - ! '*/*; q=0.5, application/xml'
      Accept-Encoding:
      - gzip, deflate
      User-Agent:
      - Ruby
  response:
    status:
      code: 200
      message: OK
    headers:
      Cache-Control:
      - max-age=0, private, must-revalidate
      Content-Type:
      - application/json; charset=utf-8
      Date:
      - Fri, 14 Mar 2014 21:12:41 GMT
      Etag:
      - ! '"1cd50cd2aac4cf8bb84dfbbd5426bdbf"'
      Server:
      - nginx/1.4.4
      Set-Cookie:
      - _parse_session=BAh7BkkiD3Nlc3Npb25faWQGOgZFRiIlODA5NDdkZGUwNGM0OGE2Y2JiMDRjNTkzZDNmYTkzNTY%3D--67673783cf7b1184f85ee4431a509a508357d17d;
        domain=.parse.com; path=/; expires=Sun, 13-Apr-2014 21:12:41 GMT; secure;
        HttpOnly
      Status:
      - 200 OK
      X-Runtime:
      - '0.086509'
      X-Ua-Compatible:
      - IE=Edge,chrome=1
      Content-Length:
      - '210'
      Connection:
      - keep-alive
    body:
      encoding: US-ASCII
      string: ! '{"results":[{"location":{"__type":"GeoPoint","latitude":34.09291733023489,"longitude":-118.3780601208767},"createdAt":"2014-03-14T21:12:39.631Z","updatedAt":"2014-03-14T21:12:39.631Z","objectId":"5ZDYP73WR6"}]}'
    http_version: 
  recorded_at: Fri, 14 Mar 2014 21:12:42 GMT
- request:
    method: get
    uri: https://tIcrV2dwbkT7AqjU8Cn8FZFU60hk5qCnMXlJnJQq:H6xYlZzvwBZHUBjoyrFKXkWZoCVfqrmC3ARXMZjq@api.parse.com/1/classes/Place?include=categories,categories&limit=1&where=%7B%22objectId%22:%22i4t5OjrWMW%22%7D
    body:
      encoding: US-ASCII
      string: ''
    headers:
      Accept:
      - ! '*/*; q=0.5, application/xml'
      Accept-Encoding:
      - gzip, deflate
      User-Agent:
      - Ruby
  response:
    status:
      code: 200
      message: OK
    headers:
      Cache-Control:
      - max-age=0, private, must-revalidate
      Content-Type:
      - application/json; charset=utf-8
      Date:
      - Fri, 14 Mar 2014 21:12:42 GMT
      Etag:
      - ! '"9357da4e443c5c3711aaf6c7fee309cf"'
      Server:
      - nginx/1.4.4
      Set-Cookie:
      - _parse_session=BAh7BkkiD3Nlc3Npb25faWQGOgZFRiIlMTViYWVkMmJiMTdiNzdkNTFkOTFlYzU4NGY2MGViZTc%3D--da053792f720cd566f249a3e5c76a0f107e0bc0e;
        domain=.parse.com; path=/; expires=Sun, 13-Apr-2014 21:12:42 GMT; secure;
        HttpOnly
      Status:
      - 200 OK
      X-Runtime:
      - '0.101026'
      X-Ua-Compatible:
      - IE=Edge,chrome=1
      Content-Length:
      - '210'
      Connection:
      - keep-alive
    body:
      encoding: US-ASCII
      string: ! '{"results":[{"location":{"__type":"GeoPoint","latitude":34.10020829969745,"longitude":-118.2852727109533},"createdAt":"2014-03-14T21:12:39.641Z","updatedAt":"2014-03-14T21:12:39.641Z","objectId":"i4t5OjrWMW"}]}'
    http_version: 
  recorded_at: Fri, 14 Mar 2014 21:12:43 GMT
- request:
    method: get
    uri: https://tIcrV2dwbkT7AqjU8Cn8FZFU60hk5qCnMXlJnJQq:H6xYlZzvwBZHUBjoyrFKXkWZoCVfqrmC3ARXMZjq@api.parse.com/1/classes/Place?include=categories,categories&limit=1&where=%7B%22objectId%22:%220gB2OCGgIm%22%7D
    body:
      encoding: US-ASCII
      string: ''
    headers:
      Accept:
      - ! '*/*; q=0.5, application/xml'
      Accept-Encoding:
      - gzip, deflate
      User-Agent:
      - Ruby
  response:
    status:
      code: 200
      message: OK
    headers:
      Cache-Control:
      - max-age=0, private, must-revalidate
      Content-Type:
      - application/json; charset=utf-8
      Date:
      - Fri, 14 Mar 2014 21:12:42 GMT
      Etag:
      - ! '"0693f9b1607df46da91500bd10731acc"'
      Server:
      - nginx/1.4.2
      Set-Cookie:
      - _parse_session=BAh7BkkiD3Nlc3Npb25faWQGOgZFRiIlYjNhMTRjNzZmMDA1MWVkYWViOWY5ZDgzNzM4ODJhNDU%3D--e04435fbbeb5d3cb9313d2cb36903f0c18ae6a87;
        domain=.parse.com; path=/; expires=Sun, 13-Apr-2014 21:12:42 GMT; secure;
        HttpOnly
      Status:
      - 200 OK
      X-Runtime:
      - '0.051025'
      X-Ua-Compatible:
      - IE=Edge,chrome=1
      Content-Length:
      - '210'
      Connection:
      - keep-alive
    body:
      encoding: US-ASCII
      string: ! '{"results":[{"location":{"__type":"GeoPoint","latitude":33.81637559726026,"longitude":-118.3783150233789},"createdAt":"2014-03-14T21:12:39.650Z","updatedAt":"2014-03-14T21:12:39.650Z","objectId":"0gB2OCGgIm"}]}'
    http_version: 
  recorded_at: Fri, 14 Mar 2014 21:12:43 GMT
- request:
    method: get
    uri: https://tIcrV2dwbkT7AqjU8Cn8FZFU60hk5qCnMXlJnJQq:H6xYlZzvwBZHUBjoyrFKXkWZoCVfqrmC3ARXMZjq@api.parse.com/1/classes/Place?include=categories,categories&limit=1&where=%7B%22objectId%22:%22wAmUmaEaXf%22%7D
    body:
      encoding: US-ASCII
      string: ''
    headers:
      Accept:
      - ! '*/*; q=0.5, application/xml'
      Accept-Encoding:
      - gzip, deflate
      User-Agent:
      - Ruby
  response:
    status:
      code: 200
      message: OK
    headers:
      Cache-Control:
      - max-age=0, private, must-revalidate
      Content-Type:
      - application/json; charset=utf-8
      Date:
      - Fri, 14 Mar 2014 21:12:43 GMT
      Etag:
      - ! '"8c6278c1c6dc5f4fb749243550b563b1"'
      Server:
      - nginx/1.4.4
      Set-Cookie:
      - _parse_session=BAh7BkkiD3Nlc3Npb25faWQGOgZFRiIlMzg4MzgwYzUxZGU5M2NkZjY2OGZlZDdlNTJmMGRmY2Y%3D--1379f358d0d554205be4351a17676a0216f563f9;
        domain=.parse.com; path=/; expires=Sun, 13-Apr-2014 21:12:43 GMT; secure;
        HttpOnly
      Status:
      - 200 OK
      X-Runtime:
      - '0.067837'
      X-Ua-Compatible:
      - IE=Edge,chrome=1
      Content-Length:
      - '210'
      Connection:
      - keep-alive
    body:
      encoding: US-ASCII
      string: ! '{"results":[{"location":{"__type":"GeoPoint","latitude":36.11837535750446,"longitude":-115.1759274967512},"createdAt":"2014-03-14T21:12:39.660Z","updatedAt":"2014-03-14T21:12:39.660Z","objectId":"wAmUmaEaXf"}]}'
    http_version: 
  recorded_at: Fri, 14 Mar 2014 21:12:43 GMT
- request:
    method: get
    uri: https://tIcrV2dwbkT7AqjU8Cn8FZFU60hk5qCnMXlJnJQq:H6xYlZzvwBZHUBjoyrFKXkWZoCVfqrmC3ARXMZjq@api.parse.com/1/classes/Place?include=categories,categories&limit=1&where=%7B%22objectId%22:%22l3haOoETQP%22%7D
    body:
      encoding: US-ASCII
      string: ''
    headers:
      Accept:
      - ! '*/*; q=0.5, application/xml'
      Accept-Encoding:
      - gzip, deflate
      User-Agent:
      - Ruby
  response:
    status:
      code: 200
      message: OK
    headers:
      Cache-Control:
      - max-age=0, private, must-revalidate
      Content-Type:
      - application/json; charset=utf-8
      Date:
      - Fri, 14 Mar 2014 21:12:43 GMT
      Etag:
      - ! '"642554a144ac757439e22778bffe0ad0"'
      Server:
      - nginx/1.4.4
      Set-Cookie:
      - _parse_session=BAh7BkkiD3Nlc3Npb25faWQGOgZFRiIlMWQzN2VkNjliNmFlYWI0ODQ3NjU0YzdjNmM1OTIwZTA%3D--9f7507c5745ddc5c5499b3792906294813993f78;
        domain=.parse.com; path=/; expires=Sun, 13-Apr-2014 21:12:43 GMT; secure;
        HttpOnly
      Status:
      - 200 OK
      X-Runtime:
      - '0.085979'
      X-Ua-Compatible:
      - IE=Edge,chrome=1
      Content-Length:
      - '208'
      Connection:
      - keep-alive
    body:
      encoding: US-ASCII
      string: ! '{"results":[{"location":{"__type":"GeoPoint","latitude":48.0284736030277,"longitude":37.79059904775168},"createdAt":"2014-03-14T21:12:39.669Z","updatedAt":"2014-03-14T21:12:39.669Z","objectId":"l3haOoETQP"}]}'
    http_version: 
  recorded_at: Fri, 14 Mar 2014 21:12:44 GMT
- request:
    method: get
    uri: https://tIcrV2dwbkT7AqjU8Cn8FZFU60hk5qCnMXlJnJQq:H6xYlZzvwBZHUBjoyrFKXkWZoCVfqrmC3ARXMZjq@api.parse.com/1/classes/Place?include=categories,categories&limit=1&where=%7B%22objectId%22:%223yVsTaRAGe%22%7D
    body:
      encoding: US-ASCII
      string: ''
    headers:
      Accept:
      - ! '*/*; q=0.5, application/xml'
      Accept-Encoding:
      - gzip, deflate
      User-Agent:
      - Ruby
  response:
    status:
      code: 200
      message: OK
    headers:
      Cache-Control:
      - max-age=0, private, must-revalidate
      Content-Type:
      - application/json; charset=utf-8
      Date:
      - Fri, 14 Mar 2014 21:12:43 GMT
      Etag:
      - ! '"d4d92edacf6e8cdd5b694d700ea2d63b"'
      Server:
      - nginx/1.4.4
      Set-Cookie:
      - _parse_session=BAh7BkkiD3Nlc3Npb25faWQGOgZFRiIlMmI4NWUwY2QxM2YzYzg2OGIzODI0Zjk5NGM5ZGZiZmQ%3D--06253799554005305188fa733b4c5b089bfbe2ba;
        domain=.parse.com; path=/; expires=Sun, 13-Apr-2014 21:12:43 GMT; secure;
        HttpOnly
      Status:
      - 200 OK
      X-Runtime:
      - '0.101382'
      X-Ua-Compatible:
      - IE=Edge,chrome=1
      Content-Length:
      - '209'
      Connection:
      - keep-alive
    body:
      encoding: US-ASCII
      string: ! '{"results":[{"location":{"__type":"GeoPoint","latitude":48.02790593385819,"longitude":37.78864582772938},"createdAt":"2014-03-14T21:12:39.680Z","updatedAt":"2014-03-14T21:12:39.680Z","objectId":"3yVsTaRAGe"}]}'
    http_version: 
  recorded_at: Fri, 14 Mar 2014 21:12:44 GMT
- request:
    method: get
    uri: https://tIcrV2dwbkT7AqjU8Cn8FZFU60hk5qCnMXlJnJQq:H6xYlZzvwBZHUBjoyrFKXkWZoCVfqrmC3ARXMZjq@api.parse.com/1/classes/Place?include=categories,categories&limit=1&where=%7B%22objectId%22:%22TXNwK2Ye8r%22%7D
    body:
      encoding: US-ASCII
      string: ''
    headers:
      Accept:
      - ! '*/*; q=0.5, application/xml'
      Accept-Encoding:
      - gzip, deflate
      User-Agent:
      - Ruby
  response:
    status:
      code: 200
      message: OK
    headers:
      Cache-Control:
      - max-age=0, private, must-revalidate
      Content-Type:
      - application/json; charset=utf-8
      Date:
      - Fri, 14 Mar 2014 21:12:44 GMT
      Etag:
      - ! '"68f949615c1ebe4acbe45c0453f9104e"'
      Server:
      - nginx/1.4.2
      Set-Cookie:
      - _parse_session=BAh7BkkiD3Nlc3Npb25faWQGOgZFRiIlYjhkMzA4ZjcyNDQ3NDljNDMxMjY4ZTE4NWQwNzYwOGU%3D--6e4895c48a9641099de3a4997f9b73c0b62c9b34;
        domain=.parse.com; path=/; expires=Sun, 13-Apr-2014 21:12:44 GMT; secure;
        HttpOnly
      Status:
      - 200 OK
      X-Runtime:
      - '0.240424'
      X-Ua-Compatible:
      - IE=Edge,chrome=1
      Content-Length:
      - '209'
      Connection:
      - keep-alive
    body:
      encoding: US-ASCII
      string: ! '{"results":[{"location":{"__type":"GeoPoint","latitude":48.02776282648577,"longitude":37.78850555419922},"createdAt":"2014-03-14T21:12:39.690Z","updatedAt":"2014-03-14T21:12:39.690Z","objectId":"TXNwK2Ye8r"}]}'
    http_version: 
  recorded_at: Fri, 14 Mar 2014 21:12:45 GMT
- request:
    method: get
    uri: https://tIcrV2dwbkT7AqjU8Cn8FZFU60hk5qCnMXlJnJQq:H6xYlZzvwBZHUBjoyrFKXkWZoCVfqrmC3ARXMZjq@api.parse.com/1/classes/Place?include=categories,categories&limit=1&where=%7B%22objectId%22:%22fddxyBieZ2%22%7D
    body:
      encoding: US-ASCII
      string: ''
    headers:
      Accept:
      - ! '*/*; q=0.5, application/xml'
      Accept-Encoding:
      - gzip, deflate
      User-Agent:
      - Ruby
  response:
    status:
      code: 200
      message: OK
    headers:
      Cache-Control:
      - max-age=0, private, must-revalidate
      Content-Type:
      - application/json; charset=utf-8
      Date:
      - Fri, 14 Mar 2014 21:12:44 GMT
      Etag:
      - ! '"63ec94c160435a686a3e38b751d313a2"'
      Server:
      - nginx/1.4.2
      Set-Cookie:
      - _parse_session=BAh7BkkiD3Nlc3Npb25faWQGOgZFRiIlYzE3OTFkODhjYzUzYmMzNGY4MDcyOWIwYTZmNTM4NzA%3D--10fe483e81e79a8ca639ef28cf4eafdba8be2fec;
        domain=.parse.com; path=/; expires=Sun, 13-Apr-2014 21:12:44 GMT; secure;
        HttpOnly
      Status:
      - 200 OK
      X-Runtime:
      - '0.037584'
      X-Ua-Compatible:
      - IE=Edge,chrome=1
      Content-Length:
      - '209'
      Connection:
      - keep-alive
    body:
      encoding: US-ASCII
      string: ! '{"results":[{"location":{"__type":"GeoPoint","latitude":48.02750452121758,"longitude":37.78846263885498},"createdAt":"2014-03-14T21:12:39.699Z","updatedAt":"2014-03-14T21:12:39.699Z","objectId":"fddxyBieZ2"}]}'
    http_version: 
  recorded_at: Fri, 14 Mar 2014 21:12:45 GMT
- request:
    method: get
    uri: https://tIcrV2dwbkT7AqjU8Cn8FZFU60hk5qCnMXlJnJQq:H6xYlZzvwBZHUBjoyrFKXkWZoCVfqrmC3ARXMZjq@api.parse.com/1/classes/Place?count=1&include=categories,categories&where=%7B%7D
    body:
      encoding: US-ASCII
      string: ''
    headers:
      Accept:
      - ! '*/*; q=0.5, application/xml'
      Accept-Encoding:
      - gzip, deflate
      User-Agent:
      - Ruby
  response:
    status:
      code: 200
      message: OK
    headers:
      Cache-Control:
      - max-age=0, private, must-revalidate
      Content-Type:
      - application/json; charset=utf-8
      Date:
      - Fri, 14 Mar 2014 21:12:45 GMT
      Etag:
      - ! '"6d5633aad4f0670d6858d8a7cd02d954"'
      Server:
      - nginx/1.4.4
      Set-Cookie:
      - _parse_session=BAh7BkkiD3Nlc3Npb25faWQGOgZFRiIlODVkNTc3ZjQzMTJjMzM0YTQ0ODc1ZTdlMjNkYTdlZGM%3D--148b5802eae0f2f68289c94caadcb7fd269ef800;
        domain=.parse.com; path=/; expires=Sun, 13-Apr-2014 21:12:45 GMT; secure;
        HttpOnly
      Status:
      - 200 OK
      X-Runtime:
      - '0.067103'
      X-Ua-Compatible:
      - IE=Edge,chrome=1
      Content-Length:
      - '2186'
      Connection:
      - keep-alive
    body:
      encoding: US-ASCII
      string: ! '{"results":[{"location":{"__type":"GeoPoint","latitude":34.09300844216167,"longitude":-118.3780094460731},"createdAt":"2014-03-14T21:12:39.596Z","updatedAt":"2014-03-14T21:12:39.596Z","objectId":"CSGqmAZQg4"},{"location":{"__type":"GeoPoint","latitude":34.09297074516132,"longitude":-118.3779001235962},"createdAt":"2014-03-14T21:12:39.611Z","updatedAt":"2014-03-14T21:12:39.611Z","objectId":"pBHWULSlTt"},{"location":{"__type":"GeoPoint","latitude":34.09291733023489,"longitude":-118.3780601208767},"createdAt":"2014-03-14T21:12:39.621Z","updatedAt":"2014-03-14T21:12:39.621Z","objectId":"9pM4Oz9nZ5"},{"location":{"__type":"GeoPoint","latitude":34.09291733023489,"longitude":-118.3780601208767},"createdAt":"2014-03-14T21:12:39.631Z","updatedAt":"2014-03-14T21:12:39.631Z","objectId":"5ZDYP73WR6"},{"location":{"__type":"GeoPoint","latitude":34.10020829969745,"longitude":-118.2852727109533},"createdAt":"2014-03-14T21:12:39.641Z","updatedAt":"2014-03-14T21:12:39.641Z","objectId":"i4t5OjrWMW"},{"location":{"__type":"GeoPoint","latitude":33.81637559726026,"longitude":-118.3783150233789},"createdAt":"2014-03-14T21:12:39.650Z","updatedAt":"2014-03-14T21:12:39.650Z","objectId":"0gB2OCGgIm"},{"location":{"__type":"GeoPoint","latitude":36.11837535750446,"longitude":-115.1759274967512},"createdAt":"2014-03-14T21:12:39.660Z","updatedAt":"2014-03-14T21:12:39.660Z","objectId":"wAmUmaEaXf"},{"location":{"__type":"GeoPoint","latitude":48.0284736030277,"longitude":37.79059904775168},"createdAt":"2014-03-14T21:12:39.669Z","updatedAt":"2014-03-14T21:12:39.669Z","objectId":"l3haOoETQP"},{"location":{"__type":"GeoPoint","latitude":48.02790593385819,"longitude":37.78864582772938},"createdAt":"2014-03-14T21:12:39.680Z","updatedAt":"2014-03-14T21:12:39.680Z","objectId":"3yVsTaRAGe"},{"location":{"__type":"GeoPoint","latitude":48.02776282648577,"longitude":37.78850555419922},"createdAt":"2014-03-14T21:12:39.690Z","updatedAt":"2014-03-14T21:12:39.690Z","objectId":"TXNwK2Ye8r"},{"location":{"__type":"GeoPoint","latitude":48.02750452121758,"longitude":37.78846263885498},"createdAt":"2014-03-14T21:12:39.699Z","updatedAt":"2014-03-14T21:12:39.699Z","objectId":"fddxyBieZ2"}],"count":11}'
    http_version: 
  recorded_at: Fri, 14 Mar 2014 21:12:45 GMT
- request:
    method: get
    uri: https://tIcrV2dwbkT7AqjU8Cn8FZFU60hk5qCnMXlJnJQq:H6xYlZzvwBZHUBjoyrFKXkWZoCVfqrmC3ARXMZjq@api.parse.com/1/classes/Place?include=categories,categories&where=%7B%22location%22:%7B%22$within%22:%7B%22$box%22:%5B%7B%22__type%22:%22GeoPoint%22,%22latitude%22:33.81637559726026,%22longitude%22:-118.3783150233789%7D,%7B%22__type%22:%22GeoPoint%22,%22latitude%22:34.09300844216167,%22longitude%22:-118.3780094460731%7D%5D%7D%7D%7D
    body:
      encoding: US-ASCII
      string: ''
    headers:
      Accept:
      - ! '*/*; q=0.5, application/xml'
      Accept-Encoding:
      - gzip, deflate
      User-Agent:
      - Ruby
  response:
    status:
      code: 200
      message: OK
    headers:
      Cache-Control:
      - max-age=0, private, must-revalidate
      Content-Type:
      - application/json; charset=utf-8
      Date:
      - Fri, 14 Mar 2014 21:12:45 GMT
      Etag:
      - ! '"507738e0dea6261ab80fd0e982b8b393"'
      Server:
      - nginx/1.4.4
      Set-Cookie:
      - _parse_session=BAh7BkkiD3Nlc3Npb25faWQGOgZFRiIlOTZlZmM4MTQ5MTM4NzBmOTBhYTVlYjdmY2FkOTUxNWE%3D--68be7c158d95626db10869b2895e3481d699d381;
        domain=.parse.com; path=/; expires=Sun, 13-Apr-2014 21:12:45 GMT; secure;
        HttpOnly
      Status:
      - 200 OK
      X-Runtime:
      - '0.042433'
      X-Ua-Compatible:
      - IE=Edge,chrome=1
      Content-Length:
      - '801'
      Connection:
      - keep-alive
    body:
      encoding: US-ASCII
      string: ! '{"results":[{"location":{"__type":"GeoPoint","latitude":34.09291733023489,"longitude":-118.3780601208767},"createdAt":"2014-03-14T21:12:39.631Z","updatedAt":"2014-03-14T21:12:39.631Z","objectId":"5ZDYP73WR6"},{"location":{"__type":"GeoPoint","latitude":33.81637559726026,"longitude":-118.3783150233789},"createdAt":"2014-03-14T21:12:39.650Z","updatedAt":"2014-03-14T21:12:39.650Z","objectId":"0gB2OCGgIm"},{"location":{"__type":"GeoPoint","latitude":34.09300844216167,"longitude":-118.3780094460731},"createdAt":"2014-03-14T21:12:39.596Z","updatedAt":"2014-03-14T21:12:39.596Z","objectId":"CSGqmAZQg4"},{"location":{"__type":"GeoPoint","latitude":34.09291733023489,"longitude":-118.3780601208767},"createdAt":"2014-03-14T21:12:39.621Z","updatedAt":"2014-03-14T21:12:39.621Z","objectId":"9pM4Oz9nZ5"}]}'
    http_version: 
  recorded_at: Fri, 14 Mar 2014 21:12:46 GMT
recorded_with: VCR 2.4.0
