---
http_interactions:
- request:
    method: get
    uri: https://tIcrV2dwbkT7AqjU8Cn8FZFU60hk5qCnMXlJnJQq:H6xYlZzvwBZHUBjoyrFKXkWZoCVfqrmC3ARXMZjq@api.parse.com/1/installations?include=categories,categories&where=%7B%7D
    body:
      encoding: US-ASCII
      string: ''
    headers:
      Accept:
      - ! '*/*; q=0.5, application/xml'
      Accept-Encoding:
      - gzip, deflate
      User-Agent:
      - Ruby
  response:
    status:
      code: 200
      message: OK
    headers:
      Cache-Control:
      - max-age=0, private, must-revalidate
      Content-Type:
      - application/json; charset=utf-8
      Date:
      - Fri, 14 Mar 2014 21:15:53 GMT
      Etag:
      - ! '"31579febacfa9e63d473786b8a31cd36"'
      Server:
      - nginx/1.4.2
      Set-Cookie:
      - _parse_session=BAh7BkkiD3Nlc3Npb25faWQGOgZFRiIlOGRlZGM3N2NiMDljNmUwOGZkZjQ2OGQwM2RkNjJlZjk%3D--f1f903d8bf46bb133f8250e46761be530a337f11;
        domain=.parse.com; path=/; expires=Sun, 13-Apr-2014 21:15:53 GMT; secure;
        HttpOnly
      Status:
      - 200 OK
      X-Runtime:
      - '0.053486'
      X-Ua-Compatible:
      - IE=Edge,chrome=1
      Content-Length:
      - '233'
      Connection:
      - keep-alive
    body:
      encoding: US-ASCII
      string: ! '{"results":[{"deviceType":"ios","deviceToken":"0123456789abcdef0123456789abcdef0123456789abcdef0123456789abcdef","channels":[""],"createdAt":"2014-03-14T21:15:53.107Z","updatedAt":"2014-03-14T21:15:53.107Z","objectId":"wWov6tCbht"}]}'
    http_version: 
  recorded_at: Fri, 14 Mar 2014 21:15:54 GMT
- request:
    method: post
    uri: https://tIcrV2dwbkT7AqjU8Cn8FZFU60hk5qCnMXlJnJQq:H6xYlZzvwBZHUBjoyrFKXkWZoCVfqrmC3ARXMZjq@api.parse.com/1/batch
    body:
      encoding: UTF-8
      string: ! '{"requests":[{"method":"DELETE","path":"/1/installations/wWov6tCbht"}]}'
    headers:
      Accept:
      - ! '*/*; q=0.5, application/xml'
      Accept-Encoding:
      - gzip, deflate
      Content-Type:
      - application/json
      Content-Length:
      - '71'
      User-Agent:
      - Ruby
  response:
    status:
      code: 200
      message: OK
    headers:
      Cache-Control:
      - max-age=0, private, must-revalidate
      Content-Type:
      - application/json; charset=utf-8
      Date:
      - Fri, 14 Mar 2014 21:15:54 GMT
      Etag:
      - ! '"6abe125b20486fefa07552105cea58f3"'
      Server:
      - nginx/1.4.2
      Set-Cookie:
      - _parse_session=BAh7BkkiD3Nlc3Npb25faWQGOgZFRiIlMDRkN2M0MWZmYjkwODU1ZDMyZTQzMWVlZWZiZGRhZGU%3D--f99ddf2cf9f1a2d3d8fb7157e5ea03549735f2cd;
        domain=.parse.com; path=/; expires=Sun, 13-Apr-2014 21:15:54 GMT; secure;
        HttpOnly
      Status:
      - 200 OK
      X-Runtime:
      - '0.092575'
      X-Ua-Compatible:
      - IE=Edge,chrome=1
      Content-Length:
      - '18'
      Connection:
      - keep-alive
    body:
      encoding: US-ASCII
      string: ! '[{"success":true}]'
    http_version: 
  recorded_at: Fri, 14 Mar 2014 21:15:55 GMT
- request:
    method: post
    uri: https://tIcrV2dwbkT7AqjU8Cn8FZFU60hk5qCnMXlJnJQq:H6xYlZzvwBZHUBjoyrFKXkWZoCVfqrmC3ARXMZjq@api.parse.com/1/installations
    body:
      encoding: UTF-8
      string: ! '{"deviceToken":"0123456789abcdef0123456789abcdef0123456789abcdef0123456789abcdef","channels":[""]}'
    headers:
      Accept:
      - ! '*/*; q=0.5, application/xml'
      Accept-Encoding:
      - gzip, deflate
      Content-Type:
      - application/json
      Content-Length:
      - '98'
      User-Agent:
      - Ruby
  response:
    status:
      code: 400
      message: Bad Request
    headers:
      Cache-Control:
      - no-cache
      Content-Type:
      - application/json; charset=utf-8
      Date:
      - Fri, 14 Mar 2014 21:15:54 GMT
      Server:
      - nginx/1.4.2
      Set-Cookie:
      - _parse_session=BAh7BkkiD3Nlc3Npb25faWQGOgZFRiIlN2MxMGM5N2ZmZDQ5Y2E0NDRiNzgwNTA2YzRkMjcxMmU%3D--eb8bcc3b4b2d9533cb74f674e09d6b21a892a4cf;
        domain=.parse.com; path=/; expires=Sun, 13-Apr-2014 21:15:54 GMT; secure;
        HttpOnly
      Status:
      - 400 Bad Request
      X-Runtime:
      - '0.061858'
      X-Ua-Compatible:
      - IE=Edge,chrome=1
      Content-Length:
      - '69'
      Connection:
      - keep-alive
    body:
      encoding: US-ASCII
      string: ! '{"code":135,"error":"deviceType must be specified in this operation"}'
    http_version: 
  recorded_at: Fri, 14 Mar 2014 21:15:55 GMT
recorded_with: VCR 2.4.0
