---
http_interactions:
- request:
    method: get
    uri: https://tIcrV2dwbkT7AqjU8Cn8FZFU60hk5qCnMXlJnJQq:H6xYlZzvwBZHUBjoyrFKXkWZoCVfqrmC3ARXMZjq@api.parse.com/1/classes/Post?include=categories,categories&where=%7B%7D
    body:
      encoding: US-ASCII
      string: ''
    headers:
      Accept:
      - ! '*/*; q=0.5, application/xml'
      Accept-Encoding:
      - gzip, deflate
      User-Agent:
      - Ruby
  response:
    status:
      code: 200
      message: OK
    headers:
      Cache-Control:
      - max-age=0, private, must-revalidate
      Content-Type:
      - application/json; charset=utf-8
      Date:
      - Fri, 14 Mar 2014 21:14:20 GMT
      Etag:
      - ! '"cb339c7da27ec1d39ab072c235ef512e"'
      Server:
      - nginx/1.4.4
      Set-Cookie:
      - _parse_session=BAh7BkkiD3Nlc3Npb25faWQGOgZFRiIlZDU4YTkxMjBlOTRkZGNjNTYyZDEyYWMxZjk0MmUyOWM%3D--981aecb767b1fa66f113788a973cb562de203f45;
        domain=.parse.com; path=/; expires=Sun, 13-Apr-2014 21:14:20 GMT; secure;
        HttpOnly
      Status:
      - 200 OK
      X-Runtime:
      - '0.107998'
      X-Ua-Compatible:
      - IE=Edge,chrome=1
      Content-Length:
      - '485'
      Connection:
      - keep-alive
    body:
      encoding: US-ASCII
      string: ! '{"results":[{"title":"map","createdAt":"2014-03-14T21:14:01.766Z","updatedAt":"2014-03-14T21:14:01.766Z","objectId":"vfAV37jsW6"},{"title":"map","createdAt":"2014-03-14T21:14:03.981Z","updatedAt":"2014-03-14T21:14:03.981Z","objectId":"i2bxjBUvpy"},{"title":"map","createdAt":"2014-03-14T21:14:05.817Z","updatedAt":"2014-03-14T21:14:05.817Z","objectId":"1CUuXQkJpC"},{"title":"map","createdAt":"2014-03-14T21:14:07.313Z","updatedAt":"2014-03-14T21:14:07.313Z","objectId":"ilQVpZO1Rq"}]}'
    http_version: 
  recorded_at: Fri, 14 Mar 2014 21:14:20 GMT
- request:
    method: post
    uri: https://tIcrV2dwbkT7AqjU8Cn8FZFU60hk5qCnMXlJnJQq:H6xYlZzvwBZHUBjoyrFKXkWZoCVfqrmC3ARXMZjq@api.parse.com/1/batch
    body:
      encoding: UTF-8
      string: ! '{"requests":[{"method":"DELETE","path":"/1/classes/Post/vfAV37jsW6"},{"method":"DELETE","path":"/1/classes/Post/i2bxjBUvpy"},{"method":"DELETE","path":"/1/classes/Post/1CUuXQkJpC"},{"method":"DELETE","path":"/1/classes/Post/ilQVpZO1Rq"}]}'
    headers:
      Accept:
      - ! '*/*; q=0.5, application/xml'
      Accept-Encoding:
      - gzip, deflate
      Content-Type:
      - application/json
      Content-Length:
      - '238'
      User-Agent:
      - Ruby
  response:
    status:
      code: 200
      message: OK
    headers:
      Cache-Control:
      - max-age=0, private, must-revalidate
      Content-Type:
      - application/json; charset=utf-8
      Date:
      - Fri, 14 Mar 2014 21:14:20 GMT
      Etag:
      - ! '"f326069a4d8feb5811c2f000164abc3d"'
      Server:
      - nginx/1.4.4
      Set-Cookie:
      - _parse_session=BAh7BkkiD3Nlc3Npb25faWQGOgZFRiIlYWUyZDRjZWU2OWVmNTg2ZWJiMTU2YWFmMWI0MjdlNWI%3D--87702cbf2e877d99152475f2c7cfb9055649e369;
        domain=.parse.com; path=/; expires=Sun, 13-Apr-2014 21:14:20 GMT; secure;
        HttpOnly
      Status:
      - 200 OK
      X-Runtime:
      - '0.217049'
      X-Ua-Compatible:
      - IE=Edge,chrome=1
      Content-Length:
      - '69'
      Connection:
      - keep-alive
    body:
      encoding: US-ASCII
      string: ! '[{"success":true},{"success":true},{"success":true},{"success":true}]'
    http_version: 
  recorded_at: Fri, 14 Mar 2014 21:14:21 GMT
- request:
    method: post
    uri: https://tIcrV2dwbkT7AqjU8Cn8FZFU60hk5qCnMXlJnJQq:H6xYlZzvwBZHUBjoyrFKXkWZoCVfqrmC3ARXMZjq@api.parse.com/1/classes/Post
    body:
      encoding: UTF-8
      string: ! '{"title":"testing save"}'
    headers:
      Accept:
      - ! '*/*; q=0.5, application/xml'
      Accept-Encoding:
      - gzip, deflate
      Content-Type:
      - application/json
      Content-Length:
      - '24'
      User-Agent:
      - Ruby
  response:
    status:
      code: 201
      message: Created
    headers:
      Cache-Control:
      - no-cache
      Content-Type:
      - application/json; charset=utf-8
      Date:
      - Fri, 14 Mar 2014 21:14:21 GMT
      Location:
      - https://api.parse.com/1/classes/Post/Deg56w5LJn
      Server:
      - nginx/1.4.4
      Set-Cookie:
      - _parse_session=BAh7BkkiD3Nlc3Npb25faWQGOgZFRiIlNmU1ODQ3NWIxYmVlYjJmZDI3MmE0NDIxZDRhNjY2Nzg%3D--457297340d921b4e1ffb1b2cb3fa222c33d20ef9;
        domain=.parse.com; path=/; expires=Sun, 13-Apr-2014 21:14:21 GMT; secure;
        HttpOnly
      Status:
      - 201 Created
      X-Runtime:
      - '0.052900'
      X-Ua-Compatible:
      - IE=Edge,chrome=1
      Content-Length:
      - '64'
      Connection:
      - keep-alive
    body:
      encoding: US-ASCII
      string: ! '{"createdAt":"2014-03-14T21:14:21.198Z","objectId":"Deg56w5LJn"}'
    http_version: 
  recorded_at: Fri, 14 Mar 2014 21:14:21 GMT
- request:
    method: get
    uri: https://tIcrV2dwbkT7AqjU8Cn8FZFU60hk5qCnMXlJnJQq:H6xYlZzvwBZHUBjoyrFKXkWZoCVfqrmC3ARXMZjq@api.parse.com/1/classes/Post?include=categories,categories&limit=1&where=%7B%22objectId%22:%22Deg56w5LJn%22%7D
    body:
      encoding: US-ASCII
      string: ''
    headers:
      Accept:
      - ! '*/*; q=0.5, application/xml'
      Accept-Encoding:
      - gzip, deflate
      User-Agent:
      - Ruby
  response:
    status:
      code: 200
      message: OK
    headers:
      Cache-Control:
      - max-age=0, private, must-revalidate
      Content-Type:
      - application/json; charset=utf-8
      Date:
      - Fri, 14 Mar 2014 21:14:21 GMT
      Etag:
      - ! '"8741375e40870669464261f440ffabb9"'
      Server:
      - nginx/1.4.4
      Set-Cookie:
      - _parse_session=BAh7BkkiD3Nlc3Npb25faWQGOgZFRiIlYTY1MzMzZGNjY2RhMjhjMjI3ZmI3MTZmYzBlNzRhZDU%3D--4d8e1cdd8f2e3c463c2f1c83569171a93aed0130;
        domain=.parse.com; path=/; expires=Sun, 13-Apr-2014 21:14:21 GMT; secure;
        HttpOnly
      Status:
      - 200 OK
      X-Runtime:
      - '0.066041'
      X-Ua-Compatible:
      - IE=Edge,chrome=1
      Content-Length:
      - '140'
      Connection:
      - keep-alive
    body:
      encoding: US-ASCII
      string: ! '{"results":[{"title":"testing save","createdAt":"2014-03-14T21:14:21.198Z","updatedAt":"2014-03-14T21:14:21.198Z","objectId":"Deg56w5LJn"}]}'
    http_version: 
  recorded_at: Fri, 14 Mar 2014 21:14:22 GMT
- request:
    method: put
    uri: https://tIcrV2dwbkT7AqjU8Cn8FZFU60hk5qCnMXlJnJQq:H6xYlZzvwBZHUBjoyrFKXkWZoCVfqrmC3ARXMZjq@api.parse.com/1/classes/Post/Deg56w5LJn
    body:
      encoding: UTF-8
      string: ! '{}'
    headers:
      Accept:
      - ! '*/*; q=0.5, application/xml'
      Accept-Encoding:
      - gzip, deflate
      Content-Type:
      - application/json
      Content-Length:
      - '2'
      User-Agent:
      - Ruby
  response:
    status:
      code: 200
      message: OK
    headers:
      Cache-Control:
      - max-age=0, private, must-revalidate
      Content-Type:
      - application/json; charset=utf-8
      Date:
      - Fri, 14 Mar 2014 21:14:22 GMT
      Etag:
      - ! '"b00b8bee90bcf91bc8c2ec0214287819"'
      Server:
      - nginx/1.4.4
      Set-Cookie:
      - _parse_session=BAh7BkkiD3Nlc3Npb25faWQGOgZFRiIlOTc4ODBmZDc1NjVlOWI3ZmUzYTgyZjk5ZWQwODg1YmU%3D--a99963421e9892e8b7af14a7142f266ff4ab0174;
        domain=.parse.com; path=/; expires=Sun, 13-Apr-2014 21:14:22 GMT; secure;
        HttpOnly
      Status:
      - 200 OK
      X-Runtime:
      - '0.079146'
      X-Ua-Compatible:
      - IE=Edge,chrome=1
      Content-Length:
      - '40'
      Connection:
      - keep-alive
    body:
      encoding: US-ASCII
      string: ! '{"updatedAt":"2014-03-14T21:14:22.066Z"}'
    http_version: 
  recorded_at: Fri, 14 Mar 2014 21:14:22 GMT
- request:
    method: get
    uri: https://tIcrV2dwbkT7AqjU8Cn8FZFU60hk5qCnMXlJnJQq:H6xYlZzvwBZHUBjoyrFKXkWZoCVfqrmC3ARXMZjq@api.parse.com/1/classes/Post?include=categories,categories&limit=1&where=%7B%22objectId%22:%22Deg56w5LJn%22%7D
    body:
      encoding: US-ASCII
      string: ''
    headers:
      Accept:
      - ! '*/*; q=0.5, application/xml'
      Accept-Encoding:
      - gzip, deflate
      User-Agent:
      - Ruby
  response:
    status:
      code: 200
      message: OK
    headers:
      Cache-Control:
      - max-age=0, private, must-revalidate
      Content-Type:
      - application/json; charset=utf-8
      Date:
      - Fri, 14 Mar 2014 21:14:22 GMT
      Etag:
      - ! '"4e20b5f949038a1f50570c3c1d7c5e7e"'
      Server:
      - nginx/1.4.4
      Set-Cookie:
      - _parse_session=BAh7BkkiD3Nlc3Npb25faWQGOgZFRiIlNWZiY2I1OTUxOTBmOTQwMmQ5ZmY1YjYxYjJhM2E2MzU%3D--bd62460061b5d7ef3f30754f554aac0e9d20c053;
        domain=.parse.com; path=/; expires=Sun, 13-Apr-2014 21:14:22 GMT; secure;
        HttpOnly
      Status:
      - 200 OK
      X-Runtime:
      - '0.043681'
      X-Ua-Compatible:
      - IE=Edge,chrome=1
      Content-Length:
      - '140'
      Connection:
      - keep-alive
    body:
      encoding: US-ASCII
      string: ! '{"results":[{"title":"testing save","createdAt":"2014-03-14T21:14:21.198Z","updatedAt":"2014-03-14T21:14:22.066Z","objectId":"Deg56w5LJn"}]}'
    http_version: 
  recorded_at: Fri, 14 Mar 2014 21:14:23 GMT
recorded_with: VCR 2.4.0
